// Jest Snapshot v1, https://goo.gl/fbAQLP

exports[`App component renders App 1`] = `
<BrowserRouter>
  <StoreProvider>
    <Memo(GlobalStyleComponent) />
    <main>
      <Router />
    </main>
  </StoreProvider>
</BrowserRouter>
`;
